// Jest Snapshot v1, https://goo.gl/fbAQLP

exports[`renders UserHeader correctly 1`] = `
<DocumentFragment>
  <div
    class="d-flex flex-column align-items-center mb-4"
  >
    <img
      alt="User Avatar"
      class="rounded-circle mb-3"
      src="/images/default-avatar.png"
      style="width: 100px; height: 100px; object-fit: cover;"
    />
    <div>
      <h2>
        John Doe
      </h2>
      <p
        class="text-muted"
      >
        john.doe@example.com
      </p>
    </div>
  </div>
</DocumentFragment>
`;
